2025-09-22T21:36:04.614314+0800 - INFO - 从指定的模板路径中加载所有PNG图片到内存用了 0.01568293571472168 秒
2025-09-22T21:36:04.757679+0800 - WARNING - 键盘配置文件不存在: C:\Program Files\json_resources\key_config.json，使用默认配置
2025-09-22T21:36:04.758067+0800 - INFO - 技能按键映射: {0: 'q', 1: 'w', 2: 'e', 3: 'r', 4: 't', 5: 'y', 6: 'ctrl', 7: 'a', 8: 's', 9: 'd', 10: 'f', 11: 'g', 12: 'h', 13: 'alt'}
2025-09-22T21:36:04.758365+0800 - WARNING - 键盘配置文件不存在: C:\Program Files\json_resources\key_config.json，使用默认配置
2025-09-22T21:38:58.244394+0800 - INFO - 从指定的模板路径中加载所有PNG图片到内存用了 0.015413284301757812 秒
2025-09-22T21:38:58.299372+0800 - INFO - 技能按键映射: {0: 'q', 1: 'w', 2: 'e', 3: 'r', 4: 't', 5: 'y', 6: 'v', 7: 'a', 8: 's', 9: 'd', 10: 'f', 11: 'g', 12: 'h', 13: 'b'}
2025-09-22T21:38:58.299603+0800 - INFO - 成功加载键盘配置: D:\automatic-painting9.22\json_resources\key_config.json
2025-09-22T21:38:58.299955+0800 - WARNING - 键盘配置文件不存在: C:\Program Files\json_resources\key_config.json，使用默认配置
2025-09-22T21:39:00.214506+0800 - INFO - 找到 0 个可用设备
2025-09-22T21:40:10.372406+0800 - INFO - 从指定的模板路径中加载所有PNG图片到内存用了 0.013895750045776367 秒
2025-09-22T21:40:10.484625+0800 - INFO - 技能按键映射: {0: 'q', 1: 'w', 2: 'e', 3: 'r', 4: 't', 5: 'y', 6: 'v', 7: 'a', 8: 's', 9: 'd', 10: 'f', 11: 'g', 12: 'h', 13: 'b'}
2025-09-22T21:40:10.484833+0800 - INFO - 成功加载键盘配置: D:\automatic-painting9.22\json_resources\key_config.json
2025-09-22T21:40:10.485347+0800 - INFO - 成功加载键盘配置: D:\automatic-painting9.22\json_resources\key_config.json
2025-09-22T21:40:12.525131+0800 - INFO - 找到 0 个可用设备
2025-09-22T21:48:09.585359+0800 - INFO - 从指定的模板路径中加载所有PNG图片到内存用了 0.014494180679321289 秒
2025-09-22T21:48:09.708419+0800 - INFO - 技能按键映射: {0: 'q', 1: 'w', 2: 'e', 3: 'r', 4: 't', 5: 'y', 6: 'v', 7: 'a', 8: 's', 9: 'd', 10: 'f', 11: 'g', 12: 'h', 13: 'b'}
2025-09-22T21:48:09.708634+0800 - INFO - 成功加载键盘配置: D:\automatic-painting9.22\json_resources\key_config.json
2025-09-22T21:48:09.709047+0800 - INFO - 成功加载键盘配置: D:\automatic-painting9.22\json_resources\key_config.json
2025-09-22T21:48:11.389692+0800 - INFO - 找到 0 个可用设备
2025-09-26T16:36:10.552848+0800 - INFO - 从指定的模板路径中加载所有PNG图片到内存用了 0.021749258041381836 秒
2025-09-26T16:37:13.263638+0800 - INFO - 从指定的模板路径中加载所有PNG图片到内存用了 0.016980409622192383 秒
2025-09-26T16:37:34.321261+0800 - INFO - 从指定的模板路径中加载所有PNG图片到内存用了 0.013214349746704102 秒
2025-09-26T16:39:22.774834+0800 - INFO - 从指定的模板路径中加载所有PNG图片到内存用了 0.013655662536621094 秒
2025-09-26T16:52:42.731157+0800 - INFO - 从指定的模板路径中加载所有PNG图片到内存用了 0.015676498413085938 秒
2025-09-26T16:54:36.776402+0800 - INFO - 从指定的模板路径中加载所有PNG图片到内存用了 0.014580488204956055 秒
2025-09-26T17:00:33.281741+0800 - INFO - 从指定的模板路径中加载所有PNG图片到内存用了 0.017618179321289062 秒
2025-09-26T17:01:22.544359+0800 - INFO - 从指定的模板路径中加载所有PNG图片到内存用了 0.013110637664794922 秒
2025-09-26T17:09:13.821561+0800 - INFO - 从指定的模板路径中加载所有PNG图片到内存用了 0.013234853744506836 秒
2025-09-26T17:09:13.925483+0800 - WARNING - 未安装paddleocr库，使用简易OCR模式
2025-09-26T17:10:22.059400+0800 - INFO - 从指定的模板路径中加载所有PNG图片到内存用了 0.01445913314819336 秒
2025-09-26T17:10:22.151381+0800 - WARNING - 未安装paddleocr库，使用简易OCR模式
2025-09-26T17:11:08.820007+0800 - INFO - 从指定的模板路径中加载所有PNG图片到内存用了 0.012725591659545898 秒
2025-09-26T17:11:08.918358+0800 - WARNING - 未安装paddleocr库，使用简易OCR模式
2025-09-26T17:11:46.586465+0800 - INFO - 从指定的模板路径中加载所有PNG图片到内存用了 0.02037811279296875 秒
2025-09-26T17:11:46.703841+0800 - WARNING - 未安装paddleocr库，使用简易OCR模式
2025-09-26T17:13:32.688944+0800 - INFO - 从指定的模板路径中加载所有PNG图片到内存用了 0.013883113861083984 秒
2025-09-26T17:13:32.776107+0800 - WARNING - 未安装paddleocr库，使用简易OCR模式
2025-09-26T17:14:04.434646+0800 - INFO - 从指定的模板路径中加载所有PNG图片到内存用了 0.01446080207824707 秒
2025-09-26T17:14:04.524682+0800 - WARNING - 未安装paddleocr库，使用简易OCR模式
2025-09-26T17:14:47.614472+0800 - INFO - 从指定的模板路径中加载所有PNG图片到内存用了 0.012794017791748047 秒
2025-09-26T17:14:47.707396+0800 - WARNING - 未安装paddleocr库，使用简易OCR模式
2025-09-26T17:15:51.800475+0800 - INFO - 从指定的模板路径中加载所有PNG图片到内存用了 0.012980937957763672 秒
2025-09-26T17:15:51.895654+0800 - WARNING - 未安装paddleocr库，使用简易OCR模式
2025-09-26T17:15:51.904608+0800 - INFO - 加载物品模板
2025-09-26T17:16:34.691491+0800 - INFO - 从指定的模板路径中加载所有PNG图片到内存用了 0.012113332748413086 秒
2025-09-26T17:16:34.783951+0800 - WARNING - 未安装paddleocr库，使用简易OCR模式
2025-09-26T17:16:34.789667+0800 - INFO - 加载物品模板
2025-09-26T17:17:05.556588+0800 - INFO - 从指定的模板路径中加载所有PNG图片到内存用了 0.01272439956665039 秒
2025-09-26T17:17:05.649113+0800 - WARNING - 未安装paddleocr库，使用简易OCR模式
2025-09-26T17:17:05.657266+0800 - INFO - 加载物品模板
2025-09-26T17:18:17.314201+0800 - INFO - 从指定的模板路径中加载所有PNG图片到内存用了 0.014211893081665039 秒
2025-09-26T17:18:17.404730+0800 - WARNING - 未安装paddleocr库，使用简易OCR模式
2025-09-26T17:18:17.411539+0800 - INFO - 加载物品模板
2025-09-26T17:19:01.601910+0800 - INFO - 从指定的模板路径中加载所有PNG图片到内存用了 0.014321565628051758 秒
2025-09-26T17:19:01.697731+0800 - WARNING - 未安装paddleocr库，使用简易OCR模式
2025-09-26T17:19:01.704376+0800 - INFO - 加载物品模板
2025-09-26T17:19:41.695021+0800 - INFO - 从指定的模板路径中加载所有PNG图片到内存用了 0.014884710311889648 秒
2025-09-26T17:19:41.791996+0800 - WARNING - 未安装paddleocr库，使用简易OCR模式
2025-09-26T17:19:41.798701+0800 - INFO - 加载物品模板
2025-09-26T17:20:17.400965+0800 - INFO - 从指定的模板路径中加载所有PNG图片到内存用了 0.013945341110229492 秒
2025-09-26T17:20:17.499568+0800 - WARNING - 未安装paddleocr库，使用简易OCR模式
2025-09-26T17:20:17.507110+0800 - INFO - 加载物品模板
2025-09-26T17:24:15.659815+0800 - INFO - 从指定的模板路径中加载所有PNG图片到内存用了 0.015339374542236328 秒
2025-09-26T17:24:15.751950+0800 - WARNING - 未安装paddleocr库，使用简易OCR模式
2025-09-26T17:24:15.758199+0800 - INFO - 加载物品模板
2025-09-26T17:25:35.888329+0800 - INFO - 从指定的模板路径中加载所有PNG图片到内存用了 0.02570176124572754 秒
2025-09-26T17:25:36.007699+0800 - WARNING - 未安装paddleocr库，使用简易OCR模式
2025-09-26T17:25:36.015881+0800 - INFO - 加载物品模板
2025-09-26T17:28:21.991739+0800 - INFO - 从指定的模板路径中加载所有PNG图片到内存用了 0.014305830001831055 秒
2025-09-26T17:28:22.087529+0800 - WARNING - 未安装paddleocr库，使用简易OCR模式
2025-09-26T17:28:22.093873+0800 - INFO - 加载物品模板
2025-09-26T17:28:33.422824+0800 - INFO - 找到 1 个可用设备
2025-09-26T17:29:15.757576+0800 - INFO - 从指定的模板路径中加载所有PNG图片到内存用了 0.015353679656982422 秒
2025-09-26T17:29:15.855158+0800 - WARNING - 未安装paddleocr库，使用简易OCR模式
2025-09-26T17:29:15.860238+0800 - INFO - 加载物品模板
2025-09-26T17:29:20.633717+0800 - INFO - 找到 1 个可用设备
2025-09-26T17:30:51.421880+0800 - INFO - 从指定的模板路径中加载所有PNG图片到内存用了 0.014307737350463867 秒
2025-09-26T17:30:51.516558+0800 - WARNING - 未安装paddleocr库，使用简易OCR模式
2025-09-26T17:30:51.521866+0800 - INFO - 加载物品模板
2025-09-26T17:30:57.117523+0800 - INFO - 找到 1 个可用设备
2025-09-26T17:31:33.693124+0800 - INFO - 从指定的模板路径中加载所有PNG图片到内存用了 0.012670278549194336 秒
2025-09-26T17:31:33.784823+0800 - WARNING - 未安装paddleocr库，使用简易OCR模式
2025-09-26T17:31:33.790376+0800 - INFO - 加载物品模板
2025-09-26T17:32:41.399549+0800 - INFO - 从指定的模板路径中加载所有PNG图片到内存用了 0.014106273651123047 秒
2025-09-26T17:32:41.490881+0800 - WARNING - 未安装paddleocr库，使用简易OCR模式
2025-09-26T17:32:41.496572+0800 - INFO - 加载物品模板
2025-09-26T17:32:55.645227+0800 - INFO - 找到 1 个可用设备
2025-09-26T17:33:58.214101+0800 - INFO - 找到 1 个可用设备
